../Core/Src/main.c:100:5:main	120	static
../Core/Src/main.c:226:6:SystemClock_Config	96	static
../Core/Src/main.c:276:13:MX_ADC1_Init	48	static
../Core/Src/main.c:343:13:MX_I2C1_Init	8	static
../Core/Src/main.c:391:13:MX_TIM3_Init	48	static
../Core/Src/main.c:440:13:MX_TIM15_Init	96	static
../Core/Src/main.c:505:13:MX_TIM16_Init	80	static
../Core/Src/main.c:567:13:MX_USART2_UART_Init	8	static
../Core/Src/main.c:602:13:MX_USART3_UART_Init	8	static
../Core/Src/main.c:635:13:MX_DMA_Init	16	static
../Core/Src/main.c:653:13:MX_GPIO_Init	48	static
../Core/Src/main.c:718:6:SetPWMFrequency	136	static
../Core/Src/main.c:796:6:pullTrigger	120	static
../Core/Src/main.c:811:6:parse_cmd	152	static
../Core/Src/main.c:940:6:Error_Handler	4	static,ignoring_inline_asm
